// Vitest Snapshot v1

exports[`autocomplete > should accept variants 1`] = `
[
  "dark:md:m-0",
  "dark:md:m-1",
  "dark:md:m-2",
  "dark:md:m-3",
  "dark:md:m-4",
  "dark:md:m-5",
  "dark:md:m-6",
  "dark:md:m-8",
  "dark:md:m-10",
  "dark:md:m-12",
  "dark:md:m-24",
  "dark:md:m-36",
  "dark:md:m-xy",
]
`;

exports[`autocomplete > should provide autocomplete 1`] = `
{
  "align-": "align-base align-baseline align-bottom align-btm align-end align-inherit align-initial align-mid align-middle align-revert",
  "aspect-": "aspect-ratio aspect-square aspect-video",
  "auto-flow-": "auto-flow-col auto-flow-col-dense auto-flow-dense auto-flow-row auto-flow-row-dense",
  "bg-": "bg-amber bg-auto bg-black bg-blend-color bg-blend-color-burn bg-blend-color-dodge bg-blend-darken bg-blend-difference bg-blend-exclusion bg-blend-hard-light",
  "bg-gradient-": "bg-gradient-conic bg-gradient-from bg-gradient-linear bg-gradient-radial bg-gradient-repeating bg-gradient-shape bg-gradient-to bg-gradient-via",
  "bg-r": "bg-red bg-repeat bg-repeat-inherit bg-repeat-initial bg-repeat-revert bg-repeat-revert-layer bg-repeat-round bg-repeat-space bg-repeat-unset bg-repeat-x",
  "border": "border border-collapse border-separate border-spacing border-style",
  "border-": "border-0 border-1 border-2 border-3 border-4 border-5 border-6 border-8 border-10 border-12",
  "border-r": "border-r border-r-style border-rd border-red border-revert border-revert-layer border-ridge border-rose border-rounded",
  "border-spacing-": "border-spacing-2xl border-spacing-3xl border-spacing-4xl border-spacing-5xl border-spacing-6xl border-spacing-7xl border-spacing-8xl border-spacing-9xl border-spacing-lg border-spacing-none",
  "columns-": "columns-0 columns-1 columns-2 columns-3 columns-4 columns-5 columns-6 columns-8 columns-10 columns-12",
  "divide-": "divide-amber divide-black divide-block divide-block-reverse divide-blue divide-bluegray divide-blueGray divide-coolgray divide-coolGray divide-current",
  "fill-": "fill-amber fill-black fill-blue fill-bluegray fill-blueGray fill-coolgray fill-coolGray fill-current fill-cyan fill-dark",
  "filter-": "filter-drop filter-drop-shadow filter-drop-shadow-color filter-grayscale filter-inherit filter-initial filter-invert filter-none filter-revert filter-revert-layer",
  "fle": "flex flex-1 flex-auto flex-col flex-col-reverse flex-initial flex-inline flex-none flex-nowrap flex-row",
  "font-": "font-100 font-200 font-300 font-400 font-500 font-600 font-700 font-800 font-900 font-black",
  "grid-auto-flow-": "grid-auto-flow-col grid-auto-flow-col-dense grid-auto-flow-dense grid-auto-flow-row grid-auto-flow-row-dense",
  "grid-auto-rows-": "grid-auto-rows-0 grid-auto-rows-1 grid-auto-rows-2 grid-auto-rows-3 grid-auto-rows-4 grid-auto-rows-5 grid-auto-rows-6 grid-auto-rows-8 grid-auto-rows-10 grid-auto-rows-12",
  "grid-flow-": "grid-flow-col grid-flow-col-dense grid-flow-dense grid-flow-row grid-flow-row-dense",
  "grid-row": "grid-rows-none",
  "grid-row-end-": "grid-row-end-0 grid-row-end-1 grid-row-end-2 grid-row-end-3 grid-row-end-4 grid-row-end-5 grid-row-end-6 grid-row-end-8 grid-row-end-10 grid-row-end-12",
  "grid-row-start-": "grid-row-start-0 grid-row-start-1 grid-row-start-2 grid-row-start-3 grid-row-start-4 grid-row-start-5 grid-row-start-6 grid-row-start-8 grid-row-start-10 grid-row-start-12",
  "grid-rows-": "grid-rows-0 grid-rows-1 grid-rows-2 grid-rows-3 grid-rows-4 grid-rows-5 grid-rows-6 grid-rows-8 grid-rows-10 grid-rows-12",
  "grow-": "grow-0 grow-1 grow-2 grow-3 grow-4 grow-5 grow-6 grow-8 grow-10 grow-12",
  "keyframes-": "keyframes-back-in-down keyframes-back-in-left keyframes-back-in-right keyframes-back-in-up keyframes-back-out-down keyframes-back-out-left keyframes-back-out-right keyframes-back-out-up keyframes-bounce keyframes-bounce-alt",
  "leading-": "leading-loose leading-none leading-normal leading-relaxed leading-snug leading-tight",
  "line-clamp-": "line-clamp-0 line-clamp-1 line-clamp-2 line-clamp-3 line-clamp-4 line-clamp-5 line-clamp-6 line-clamp-8 line-clamp-10 line-clamp-12",
  "m-": "m-0 m-1 m-2 m-3 m-4 m-5 m-6 m-8 m-10 m-12",
  "max-w-": "max-w-2xl max-w-3xl max-w-4xl max-w-5xl max-w-6xl max-w-7xl max-w-auto max-w-lg max-w-md max-w-none",
  "mx-": "mx-0 mx-1 mx-2 mx-3 mx-4 mx-5 mx-6 mx-8 mx-10 mx-12",
  "object-": "object-b object-bc object-bl object-bottom object-bottom-center object-bottom-left object-bottom-right object-br object-c object-cb",
  "origin-": "origin-b origin-bc origin-bl origin-bottom origin-bottom-center origin-bottom-left origin-bottom-right origin-br origin-c origin-cb",
  "outline-": "outline-amber outline-auto outline-black outline-blue outline-bluegray outline-blueGray outline-coolgray outline-coolGray outline-current outline-cyan",
  "outline-offset-": "outline-offset-0 outline-offset-1 outline-offset-2 outline-offset-3 outline-offset-4 outline-offset-5 outline-offset-6 outline-offset-8 outline-offset-10 outline-offset-12",
  "placeholder-": "placeholder-.dark: placeholder-.light: placeholder-@dark: placeholder-@hover: placeholder-@light: placeholder-active: placeholder-after: placeholder-animate-delay placeholder-animate-direction placeholder-animate-duration",
  "scroll-": "scroll-auto scroll-block scroll-inherit scroll-initial scroll-inline scroll-m scroll-ma scroll-p scroll-pa scroll-revert",
  "scroll-m-": "scroll-m-2xl scroll-m-3xl scroll-m-4xl scroll-m-5xl scroll-m-6xl scroll-m-7xl scroll-m-8xl scroll-m-9xl scroll-m-b scroll-m-be",
  "shadow-": "shadow-2xl shadow-amber shadow-black shadow-blue shadow-bluegray shadow-blueGray shadow-coolgray shadow-coolGray shadow-current shadow-cyan",
  "space-": "space-block space-block-reverse space-inline space-inline-reverse space-x space-x-reverse space-y space-y-reverse",
  "text-r": "text-red text-revert text-revert-layer text-right text-rose",
  "text-red-": "text-red-1 text-red-2 text-red-3 text-red-4 text-red-5 text-red-6 text-red-7 text-red-8 text-red-9 text-red-50",
  "touch-": "touch-auto touch-inherit touch-initial touch-manipulation touch-none touch-pan touch-pinch-zoom touch-revert touch-revert-layer touch-unset",
  "transform-scale-": "transform-scale-0 transform-scale-10 transform-scale-20 transform-scale-30 transform-scale-40 transform-scale-50 transform-scale-60 transform-scale-70 transform-scale-80 transform-scale-90",
  "transform-scale-x-": "transform-scale-x-0 transform-scale-x-10 transform-scale-x-20 transform-scale-x-30 transform-scale-x-40 transform-scale-x-50 transform-scale-x-60 transform-scale-x-70 transform-scale-x-80 transform-scale-x-90",
  "transform-scale-z-": "transform-scale-z-0 transform-scale-z-10 transform-scale-z-20 transform-scale-z-30 transform-scale-z-40 transform-scale-z-50 transform-scale-z-60 transform-scale-z-70 transform-scale-z-80 transform-scale-z-90",
  "transform-skew-x-": "transform-skew-x-0 transform-skew-x-10 transform-skew-x-20 transform-skew-x-30 transform-skew-x-40 transform-skew-x-50 transform-skew-x-60 transform-skew-x-70 transform-skew-x-80 transform-skew-x-90",
  "transform-skew-y-": "transform-skew-y-0 transform-skew-y-10 transform-skew-y-20 transform-skew-y-30 transform-skew-y-40 transform-skew-y-50 transform-skew-y-60 transform-skew-y-70 transform-skew-y-80 transform-skew-y-90",
  "transition-": "transition-all transition-colors transition-inherit transition-initial transition-none transition-opacity transition-revert transition-revert-layer transition-shadow transition-transform",
  "v-": "v-base v-baseline v-bottom v-btm v-end v-inherit v-initial v-mid v-middle v-revert",
  "w-": "w-2xl w-3xl w-4xl w-5xl w-6xl w-7xl w-auto w-lg w-md w-none",
  "z-": "z-0 z-1 z-2 z-3 z-4 z-5 z-6 z-8 z-10 z-12",
}
`;

exports[`autocomplete > should provide skip DEFAULT 1`] = `
[
  "text-red-1",
  "text-red-2",
  "text-red-3",
  "text-red-4",
  "text-red-5",
  "text-red-6",
  "text-red-7",
  "text-red-8",
  "text-red-9",
  "text-red-50",
  "text-red-100",
  "text-red-200",
  "text-red-300",
  "text-red-400",
  "text-red-500",
  "text-red-600",
  "text-red-700",
  "text-red-800",
  "text-red-900",
]
`;
